> Task :app:checkKotlinGradlePluginConfigurationErrors SKIPPED
> Task :app:preBuild UP-TO-DATE
> Task :app:preDebugBuild UP-TO-DATE
> Task :app:checkDebugAarMetadata UP-TO-DATE
> Task :app:generateDebugResValues UP-TO-DATE
> Task :app:mapDebugSourceSetPaths UP-TO-DATE
> Task :app:generateDebugResources UP-TO-DATE
> Task :app:mergeDebugResources UP-TO-DATE
> Task :app:packageDebugResources UP-TO-DATE
> Task :app:parseDebugLocalResources UP-TO-DATE
> Task :app:createDebugCompatibleScreenManifests UP-TO-DATE
> Task :app:extractDeepLinksDebug UP-TO-DATE
> Task :app:processDebugMainManifest UP-TO-DATE
> Task :app:processDebugManifest UP-TO-DATE
> Task :app:processDebugManifestForPackage UP-TO-DATE
> Task :app:processDebugResources UP-TO-DATE

> Task :app:compileDebugKotlin FAILED
.\gradlew.bat : e: 
file:///D:/MobileDB/app/src/main/java/com/mobiledb/app/ui/screens/host/HostDashboardScreen.kt:291:17 
Conflicting declarations:
At line:1 char:1
+ .\gradlew.bat compileDebugKotlin > compile.log 2>&1; cat compile.log
+ ~~~~~~~~~~~~~~~~~~~~~~~~~~~~~~~~~~~~~~~~~~~~~~~~~~~
    + CategoryInfo          : NotSpecified: (e: file:///D:/M...g declarations::String) [], RemoteExc 
   eption
    + FullyQualifiedErrorId : NativeCommandError
 
local val urlStr: String?
local val urlStr: String?
e: 
file:///D:/MobileDB/app/src/main/java/com/mobiledb/app/ui/screens/host/HostDashboardScreen.kt:302:22 
Unresolved reference 'androidx'.
e: 
file:///D:/MobileDB/app/src/main/java/com/mobiledb/app/ui/screens/host/HostDashboardScreen.kt:330:17 
Conflicting declarations:
local val urlStr: String?
local val urlStr: String?

FAILURE: Build failed with an exception.

* What went wrong:
Execution failed for task ':app:compileDebugKotlin'.
> A failure occurred while executing 
org.jetbrains.kotlin.compilerRunner.GradleCompilerRunnerWithWorkers$GradleKotlinCompilerWorkAction
   > Compilation error. See log for more details

* Try:
> Run with --stacktrace option to get the stack trace.
> Run with --info or --debug option to get more log output.
> Run with --scan to get full insights.
> Get more help at https://help.gradle.org.

BUILD FAILED in 2s
14 actionable tasks: 1 executed, 13 up-to-date
